// Jest Snapshot v1, https://goo.gl/fbAQLP

exports[`components ImageEditor CanvasPrinter should match exact snapshot 1`] = `
<div>
  <canvas
    style={
      Object {
        "display": "none",
      }
    }
  />
</div>
`;
