// Jest Snapshot v1, https://goo.gl/fbAQLP

exports[`ImageThumbnail should match exact snapshot 1`] = `
<div>
  <img
    className="brainhub-file-input__thumbnail"
    src="image_source"
  />
</div>
`;
