// Jest Snapshot v1, https://goo.gl/fbAQLP

exports[`components TextInput should match exact snapshot 1`] = `
<div>
  <input
    className="brainhub-text-field__input"
    onChange={[Function]}
    placeholder="Test Placeholder"
    type="text"
    value=""
  />
</div>
`;
